2026-03-15 10:41:25,061 - INFO - Cache miss: Fetching posts for user 2 page 1.
2026-03-15 10:41:25,066 - INFO - Cache set: posts_list_user_2_page_1
2026-03-15 10:43:46,963 - INFO - [UserFeedView] Cache miss for user=2, page=1
2026-03-15 10:47:19,415 - INFO - Cache miss: Fetching posts for user 2 page 1.
2026-03-15 10:47:19,420 - INFO - Cache set: posts_list_user_2_page_1
2026-03-15 10:47:27,366 - INFO - [UserFeedView] Cache miss for user=2, page=1
2026-03-15 10:47:44,222 - INFO - [UserFeedView] Cache hit for user=2, page=1
2026-03-15 10:47:45,898 - INFO - [UserFeedView] Cache hit for user=2, page=1
2026-03-15 10:47:47,348 - INFO - Cache hit: Returning cached posts for user 2 page 1.
2026-03-15 10:47:47,959 - INFO - Cache hit: Returning cached posts for user 2 page 1.
2026-03-15 10:47:48,094 - INFO - Cache hit: Returning cached posts for user 2 page 1.
2026-03-15 10:47:48,267 - INFO - Cache hit: Returning cached posts for user 2 page 1.
2026-03-15 10:47:48,410 - INFO - Cache hit: Returning cached posts for user 2 page 1.
2026-03-15 10:47:48,543 - INFO - Cache hit: Returning cached posts for user 2 page 1.
2026-03-15 10:47:48,668 - INFO - Cache hit: Returning cached posts for user 2 page 1.
2026-03-15 10:47:48,803 - INFO - Cache hit: Returning cached posts for user 2 page 1.
2026-03-15 10:47:48,924 - INFO - Cache hit: Returning cached posts for user 2 page 1.
2026-03-15 10:47:49,147 - INFO - Cache hit: Returning cached posts for user 2 page 1.
2026-03-15 10:47:49,289 - INFO - Cache hit: Returning cached posts for user 2 page 1.
2026-03-15 10:47:49,555 - INFO - Cache hit: Returning cached posts for user 2 page 1.
2026-03-16 11:22:00,116 - INFO - Cache miss: Fetching posts for user 2 page 1.
2026-03-16 11:22:00,130 - INFO - Cache set: posts_list_user_2_page_1
2026-03-16 11:22:06,823 - INFO - Cache hit: Returning cached posts for user 2 page 1.
2026-03-16 11:22:25,806 - INFO - [UserFeedView] Cache miss for user=2, page=1
2026-03-16 11:22:37,420 - INFO - [UserFeedView] Cache hit for user=2, page=1
2026-03-16 11:29:22,228 - INFO - Clearing cached post list pages for all users...
2026-03-16 11:29:22,231 - INFO - [UserFeedView] Clearing ALL feed page caches for every user.
2026-03-16 11:29:22,234 - INFO - Post created: 'SpiderMan No Way Home' by Group10
2026-03-16 11:30:30,513 - INFO - [UserFeedView] Cache miss for user=2, page=1
2026-03-16 11:34:43,510 - INFO - [UserFeedView] Cache miss for user=3, page=1
2026-03-16 11:34:48,342 - INFO - [UserFeedView] Cache hit for user=3, page=1
2026-03-16 11:37:15,141 - INFO - Clearing cached post list pages for all users...
2026-03-16 11:37:15,143 - INFO - [UserFeedView] Clearing ALL feed page caches for every user.
2026-03-16 11:37:15,145 - INFO - Cleared feed cache: user_feed_page_3_1
2026-03-16 11:37:15,145 - INFO - Cache invalidated: Post 1 deleted.
2026-03-16 11:37:23,403 - INFO - [UserFeedView] Cache miss for user=3, page=1
2026-03-16 11:37:42,635 - INFO - Cache miss: Fetching posts for user 3 page 1.
2026-03-16 11:37:42,639 - INFO - Cache set: posts_list_user_3_page_1
2026-03-16 11:38:18,829 - INFO - Cache miss: Fetching posts for user 2 page 1.
2026-03-16 11:38:18,834 - INFO - Cache set: posts_list_user_2_page_1
2026-03-16 11:38:33,680 - INFO - Clearing cached post list pages for all users...
2026-03-16 11:38:33,683 - INFO - Cache deleted: posts_list_user_2_page_1
2026-03-16 11:38:33,683 - INFO - Cache deleted: posts_list_user_3_page_1
2026-03-16 11:38:33,684 - INFO - [UserFeedView] Clearing ALL feed page caches for every user.
2026-03-16 11:38:33,686 - INFO - Cleared feed cache: user_feed_page_3_1
2026-03-16 11:38:33,686 - INFO - Post created: 'SpiderMan No Way Home' by Group10
2026-03-16 11:42:34,778 - INFO - Cache miss: Fetching posts for user 3 page 1.
2026-03-16 11:42:34,782 - INFO - Cache set: posts_list_user_3_page_1
2026-03-16 11:42:38,399 - INFO - Cache hit: Returning cached posts for user 3 page 1.
2026-03-16 11:44:45,945 - INFO - Cache miss: Fetching posts for user 2 page 1.
2026-03-16 11:44:45,965 - INFO - Cache set: posts_list_user_2_page_1
2026-03-16 11:45:32,704 - INFO - [UserFeedView] Cache miss for user=2, page=1
2026-03-16 11:45:36,716 - INFO - [UserFeedView] Cache hit for user=2, page=1
2026-03-16 11:45:47,603 - INFO - [UserFeedView] Cache miss for user=3, page=1
2026-03-16 11:45:51,393 - INFO - [UserFeedView] Cache hit for user=3, page=1
2026-03-16 11:45:52,128 - INFO - [UserFeedView] Cache hit for user=3, page=1
2026-03-16 11:45:52,488 - INFO - [UserFeedView] Cache hit for user=3, page=1
2026-03-16 11:45:52,684 - INFO - [UserFeedView] Cache hit for user=3, page=1
2026-03-16 11:45:52,877 - INFO - [UserFeedView] Cache hit for user=3, page=1
2026-03-16 11:47:01,207 - INFO - Cache hit: Returning cached posts for user 2 page 1.
2026-03-16 11:47:07,352 - INFO - Cache hit: Returning cached posts for user 3 page 1.
2026-03-16 11:47:19,936 - INFO - Cache hit: Returning cached posts for user 2 page 1.
2026-03-16 11:47:37,042 - INFO - Clearing cached post list pages for all users...
2026-03-16 11:47:37,044 - INFO - Cache deleted: posts_list_user_2_page_1
2026-03-16 11:47:37,045 - INFO - [UserFeedView] Clearing ALL feed page caches for every user.
2026-03-16 11:47:37,047 - INFO - Cleared feed cache: user_feed_page_2_1
2026-03-16 11:47:37,047 - INFO - Cleared feed cache: user_feed_page_3_1
2026-03-16 11:47:37,048 - INFO - Post created: 'Avengers End Game' by Group10
2026-03-16 11:47:41,631 - INFO - Cache miss: Fetching posts for user 2 page 1.
2026-03-16 11:47:41,651 - INFO - Cache set: posts_list_user_2_page_1
2026-03-16 11:47:55,189 - INFO - [UserFeedView] Cache miss for user=2, page=1
2026-03-16 11:48:08,454 - INFO - [UserFeedView] Cache miss for user=3, page=1
2026-03-16 11:48:10,069 - INFO - [UserFeedView] Cache hit for user=3, page=1
2026-03-16 11:48:10,904 - INFO - [UserFeedView] Cache hit for user=3, page=1
2026-03-16 11:48:11,277 - INFO - [UserFeedView] Cache hit for user=3, page=1
2026-03-16 11:48:11,607 - INFO - [UserFeedView] Cache hit for user=3, page=1
2026-03-16 11:48:11,890 - INFO - [UserFeedView] Cache hit for user=3, page=1
2026-03-16 11:48:12,171 - INFO - [UserFeedView] Cache hit for user=3, page=1
2026-03-16 11:48:12,407 - INFO - [UserFeedView] Cache hit for user=3, page=1
2026-03-16 11:49:06,832 - INFO - [UserFeedView] Cache hit for user=3, page=1
2026-03-16 11:49:07,659 - INFO - [UserFeedView] Cache hit for user=3, page=1
2026-03-16 11:49:08,319 - INFO - [UserFeedView] Cache hit for user=3, page=1
2026-03-16 11:59:13,684 - INFO - Cache miss: Fetching posts for user 2 page 1.
2026-03-16 11:59:13,702 - INFO - Cache set: posts_list_user_2_page_1
2026-03-16 11:59:19,633 - INFO - Cache hit: Returning cached posts for user 2 page 1.
2026-03-16 11:59:28,112 - INFO - Cache miss: Fetching posts for user 3 page 1.
2026-03-16 11:59:28,123 - INFO - Cache set: posts_list_user_3_page_1
2026-03-16 11:59:36,906 - INFO - Cache hit: Returning cached posts for user 3 page 1.
2026-03-16 12:00:03,423 - INFO - [UserFeedView] Cache miss for user=3, page=1
2026-03-16 12:03:07,024 - INFO - Cache hit: Returning cached posts for user 2 page 1.
2026-03-16 12:04:19,314 - INFO - Cache miss: Fetching posts for user 2 page 1.
2026-03-16 12:04:19,332 - INFO - Cache set: posts_list_user_2_page_1
2026-03-16 12:06:34,896 - INFO - Cache invalidated: 'all_users_followers' after follow/unfollow.
2026-03-16 12:06:40,619 - INFO - Cache invalidated: 'all_users_followers' after follow/unfollow.
2026-03-16 12:08:48,519 - INFO - Cache miss: Fetching posts for user 3 page 1.
2026-03-16 12:08:48,532 - INFO - Cache set: posts_list_user_3_page_1
2026-03-16 12:08:50,260 - INFO - Cache hit: Returning cached posts for user 3 page 1.
2026-03-16 12:09:32,792 - INFO - Cache miss: Fetching posts for user 2 page 1.
2026-03-16 12:09:32,810 - INFO - Cache set: posts_list_user_2_page_1
2026-03-16 12:10:05,740 - INFO - [UserFeedView] Cache miss for user=2, page=1
2026-03-16 12:11:02,951 - INFO - Cache invalidated: 'all_users_followers' after follow/unfollow.
2026-03-16 12:11:02,952 - INFO - Cleared feed cache: user_feed_page_2_1
2026-03-16 12:12:16,883 - INFO - Cache invalidated: 'all_users_followers' after follow/unfollow.
2026-03-16 12:12:18,441 - INFO - Cache invalidated: 'all_users_followers' after follow/unfollow.
2026-03-16 12:12:21,571 - INFO - [UserFeedView] Cache miss for user=2, page=1
2026-03-16 12:12:26,889 - INFO - [UserFeedView] Cache miss for user=3, page=1
2026-03-16 12:12:28,057 - INFO - [UserFeedView] Cache hit for user=3, page=1
2026-03-16 12:12:28,902 - INFO - [UserFeedView] Cache hit for user=3, page=1
2026-03-16 12:12:29,235 - INFO - [UserFeedView] Cache hit for user=3, page=1
2026-03-16 12:12:29,598 - INFO - [UserFeedView] Cache hit for user=3, page=1
2026-03-16 12:12:29,976 - INFO - [UserFeedView] Cache hit for user=3, page=1
2026-03-16 12:12:30,522 - INFO - [UserFeedView] Cache hit for user=3, page=1
2026-03-16 12:12:34,802 - INFO - Cache hit: Returning cached posts for user 3 page 1.
2026-03-16 12:22:44,135 - INFO - Cache miss: Fetching posts for user 2 page 1.
2026-03-16 12:22:44,156 - INFO - Cache set: posts_list_user_2_page_1
2026-03-16 12:26:25,453 - INFO - Cache miss: Fetching posts for user 3 page 1.
2026-03-16 12:26:25,463 - INFO - Cache set: posts_list_user_3_page_1
2026-03-16 12:27:01,496 - INFO - Cache hit: Returning cached posts for user 2 page 1.
2026-03-16 12:29:23,712 - INFO - Cache miss: Fetching posts for user 2 page 1.
2026-03-16 12:29:23,729 - INFO - Cache set: posts_list_user_2_page_1
2026-03-16 12:33:44,235 - INFO - [UserFeedView] Cache miss for user=2, page=1
2026-03-16 12:52:17,922 - INFO - Cache miss: Fetching posts for user 3 page 1.
2026-03-16 12:52:17,950 - INFO - Cache set: posts_list_user_3_page_1
2026-03-16 12:58:45,349 - INFO - Cache miss: Fetching posts for user 3 page 1.
2026-03-16 12:58:45,357 - INFO - Cache set: posts_list_user_3_page_1
2026-03-16 13:08:32,844 - INFO - Cache miss: Fetching posts for user 3 page 1.
2026-03-16 13:08:32,854 - INFO - Cache set: posts_list_user_3_page_1
2026-03-16 13:08:34,935 - INFO - Cache hit: Returning cached posts for user 3 page 1.
2026-03-16 13:08:37,925 - INFO - [UserFeedView] Cache miss for user=3, page=1
2026-03-16 13:12:27,973 - INFO - Cache invalidated: 'all_users_followers' after follow/unfollow.
2026-03-16 13:12:35,086 - INFO - [UserFeedView] Cache miss for user=3, page=1
2026-03-16 13:13:25,734 - INFO - Cache miss: Fetching posts for user 2 page 1.
2026-03-16 13:13:25,742 - INFO - Cache set: posts_list_user_2_page_1
2026-03-16 13:13:30,297 - INFO - [UserFeedView] Cache miss for user=2, page=1
2026-03-16 13:15:24,983 - INFO - Cache miss: Fetching posts for user 3 page 1.
2026-03-16 13:15:24,994 - INFO - Cache set: posts_list_user_3_page_1
2026-03-16 13:15:27,074 - INFO - [UserFeedView] Cache hit for user=3, page=1
2026-03-16 13:16:08,388 - INFO - Cache hit: Returning cached posts for user 2 page 1.
2026-03-16 13:16:09,582 - INFO - Cache hit: Returning cached posts for user 2 page 1.
2026-03-16 13:16:17,291 - INFO - [UserFeedView] Cache hit for user=2, page=1
2026-03-16 13:21:34,775 - INFO - Cache miss: Fetching posts for user 2 page 1.
2026-03-16 13:21:34,785 - INFO - Cache set: posts_list_user_2_page_1
2026-03-16 13:21:50,707 - INFO - Cache hit: Returning cached posts for user 2 page 1.
2026-03-16 13:21:54,666 - INFO - Cache hit: Returning cached posts for user 2 page 1.
2026-03-16 13:21:55,400 - INFO - Cache hit: Returning cached posts for user 2 page 1.
2026-03-16 13:22:07,979 - INFO - Cache hit: Returning cached posts for user 2 page 1.
2026-03-16 13:22:09,112 - INFO - Cache hit: Returning cached posts for user 2 page 1.
2026-03-16 13:22:10,364 - INFO - Cache hit: Returning cached posts for user 2 page 1.
2026-03-16 13:22:10,659 - INFO - Cache hit: Returning cached posts for user 2 page 1.
2026-03-16 13:22:10,849 - INFO - Cache hit: Returning cached posts for user 2 page 1.
2026-03-16 13:22:24,489 - INFO - Cache hit: Returning cached posts for user 2 page 1.
2026-03-16 13:22:26,806 - INFO - Cache hit: Returning cached posts for user 2 page 1.
2026-03-16 13:22:27,097 - INFO - Cache hit: Returning cached posts for user 2 page 1.
2026-03-16 13:22:27,261 - INFO - Cache hit: Returning cached posts for user 2 page 1.
2026-03-16 13:22:27,410 - INFO - Cache hit: Returning cached posts for user 2 page 1.
2026-03-16 13:22:27,549 - INFO - Cache hit: Returning cached posts for user 2 page 1.
2026-03-16 13:22:27,695 - INFO - Cache hit: Returning cached posts for user 2 page 1.
2026-03-16 13:22:27,948 - INFO - Cache hit: Returning cached posts for user 2 page 1.
2026-03-16 13:23:17,577 - INFO - [UserFeedView] Cache miss for user=2, page=1
2026-03-16 13:23:24,239 - INFO - Cache hit: Returning cached posts for user 2 page 1.
2026-03-16 13:23:25,595 - INFO - Cache hit: Returning cached posts for user 2 page 1.
2026-03-16 13:23:26,299 - INFO - Cache hit: Returning cached posts for user 2 page 1.
2026-03-16 13:23:26,490 - INFO - Cache hit: Returning cached posts for user 2 page 1.
2026-03-16 13:23:26,740 - INFO - Cache hit: Returning cached posts for user 2 page 1.
2026-03-16 13:23:29,324 - INFO - Cache hit: Returning cached posts for user 2 page 1.
2026-03-16 13:23:29,460 - INFO - Cache hit: Returning cached posts for user 2 page 1.
2026-03-16 13:23:29,585 - INFO - Cache hit: Returning cached posts for user 2 page 1.
2026-03-16 13:23:50,167 - INFO - [UserFeedView] Cache hit for user=2, page=1
2026-03-16 13:23:52,082 - INFO - [UserFeedView] Cache hit for user=2, page=1
2026-03-16 13:23:55,739 - INFO - [UserFeedView] Cache hit for user=2, page=1
2026-03-16 13:24:05,877 - INFO - Cache hit: Returning cached posts for user 2 page 1.
2026-03-16 13:24:37,868 - INFO - Cache hit: Returning cached posts for user 2 page 1.
2026-03-16 13:24:42,877 - INFO - [UserFeedView] Cache hit for user=2, page=1
2026-03-16 13:24:49,061 - INFO - [UserFeedView] Cache hit for user=2, page=1
2026-03-16 13:48:12,103 - INFO - Cache miss: Fetching posts for user 3 page 1.
2026-03-16 13:48:12,125 - INFO - Cache set: posts_list_user_3_page_1
2026-03-16 13:48:39,533 - INFO - Cache miss: Fetching posts for user 2 page 1.
2026-03-16 13:48:39,552 - INFO - Cache set: posts_list_user_2_page_1
2026-03-16 13:48:49,819 - INFO - Cache hit: Returning cached posts for user 2 page 1.
2026-03-16 13:48:59,332 - INFO - [UserFeedView] Cache miss for user=2, page=1
2026-03-16 13:49:08,363 - INFO - Cache hit: Returning cached posts for user 3 page 1.
2026-03-16 13:49:16,396 - INFO - [UserFeedView] Cache miss for user=3, page=1
2026-03-16 13:50:21,581 - INFO - Cache hit: Returning cached posts for user 2 page 1.
2026-03-16 13:50:24,411 - INFO - [UserFeedView] Cache hit for user=2, page=1
2026-03-16 13:51:15,392 - INFO - [UserFeedView] Clearing ALL feed page caches for every user.
2026-03-16 13:51:15,394 - INFO - Cleared feed cache: user_feed_page_2_1
2026-03-16 13:51:15,395 - INFO - Cleared feed cache: user_feed_page_3_1
2026-03-16 13:51:23,720 - INFO - Cache hit: Returning cached posts for user 2 page 1.
2026-03-16 13:53:04,573 - INFO - [UserFeedView] Clearing ALL feed page caches for every user.
2026-03-16 13:53:10,515 - INFO - Cache hit: Returning cached posts for user 2 page 1.
2026-03-16 13:53:19,689 - INFO - Cache miss: Fetching posts for user 3 page 1.
2026-03-16 13:53:19,698 - INFO - Cache set: posts_list_user_3_page_1
2026-03-16 13:53:43,537 - INFO - Cache miss: Fetching posts for user 2 page 1.
2026-03-16 13:53:43,550 - INFO - Cache set: posts_list_user_2_page_1
2026-03-16 13:53:59,363 - INFO - Cache hit: Returning cached posts for user 2 page 1.
2026-03-16 13:54:00,106 - INFO - Cache hit: Returning cached posts for user 2 page 1.
2026-03-16 13:54:00,302 - INFO - Cache hit: Returning cached posts for user 2 page 1.
2026-03-16 13:54:00,475 - INFO - Cache hit: Returning cached posts for user 2 page 1.
2026-03-16 13:54:00,694 - INFO - Cache hit: Returning cached posts for user 2 page 1.
2026-03-16 13:54:00,849 - INFO - Cache hit: Returning cached posts for user 2 page 1.
2026-03-16 13:54:01,134 - INFO - Cache hit: Returning cached posts for user 2 page 1.
2026-03-16 14:00:29,107 - INFO - Cache miss: Fetching posts for user 2 page 1.
2026-03-16 14:00:29,115 - INFO - Cache set: posts_list_user_2_page_1
2026-03-16 14:00:35,428 - INFO - [UserFeedView] Cache miss for user=2, page=1
2026-03-16 14:01:24,888 - INFO - [UserFeedView] Clearing ALL feed page caches for every user.
2026-03-16 14:01:24,889 - INFO - Cleared feed cache: user_feed_page_2_1
2026-03-16 14:01:28,190 - INFO - Cache hit: Returning cached posts for user 2 page 1.
2026-03-16 14:01:29,254 - INFO - Cache hit: Returning cached posts for user 2 page 1.
2026-03-16 14:01:29,757 - INFO - Cache hit: Returning cached posts for user 2 page 1.
2026-03-16 14:01:29,976 - INFO - Cache hit: Returning cached posts for user 2 page 1.
2026-03-16 14:01:30,138 - INFO - Cache hit: Returning cached posts for user 2 page 1.
2026-03-16 14:01:30,298 - INFO - Cache hit: Returning cached posts for user 2 page 1.
2026-03-16 14:01:30,454 - INFO - Cache hit: Returning cached posts for user 2 page 1.
2026-03-16 14:01:30,624 - INFO - Cache hit: Returning cached posts for user 2 page 1.
2026-03-16 14:01:31,203 - INFO - Cache hit: Returning cached posts for user 2 page 1.
2026-03-16 14:01:31,386 - INFO - Cache hit: Returning cached posts for user 2 page 1.
2026-03-16 14:01:36,211 - INFO - Cache hit: Returning cached posts for user 2 page 1.
2026-03-16 14:01:37,000 - INFO - Cache hit: Returning cached posts for user 2 page 1.
2026-03-16 14:01:37,157 - INFO - Cache hit: Returning cached posts for user 2 page 1.
2026-03-16 14:01:37,320 - INFO - Cache hit: Returning cached posts for user 2 page 1.
2026-03-16 14:01:37,491 - INFO - Cache hit: Returning cached posts for user 2 page 1.
2026-03-16 14:01:37,643 - INFO - Cache hit: Returning cached posts for user 2 page 1.
2026-03-16 14:01:41,772 - INFO - Cache hit: Returning cached posts for user 2 page 1.
2026-03-16 14:01:44,704 - INFO - Cache hit: Returning cached posts for user 2 page 1.
2026-03-16 14:01:45,349 - INFO - Cache hit: Returning cached posts for user 2 page 1.
2026-03-16 14:01:45,534 - INFO - Cache hit: Returning cached posts for user 2 page 1.
2026-03-16 14:01:45,727 - INFO - Cache hit: Returning cached posts for user 2 page 1.
2026-03-16 14:01:45,916 - INFO - Cache hit: Returning cached posts for user 2 page 1.
2026-03-16 14:01:46,077 - INFO - Cache hit: Returning cached posts for user 2 page 1.
2026-03-16 14:01:46,239 - INFO - Cache hit: Returning cached posts for user 2 page 1.
2026-03-16 14:01:46,432 - INFO - Cache hit: Returning cached posts for user 2 page 1.
2026-03-16 14:09:53,920 - INFO - Cache miss: Fetching posts for user 2 page 1.
2026-03-16 14:09:53,931 - INFO - Cache set: posts_list_user_2_page_1
2026-03-16 14:12:20,781 - INFO - [UserFeedView] Clearing ALL feed page caches for every user.
2026-03-16 14:12:30,525 - INFO - Cache miss: Fetching posts for user 2 page 1.
2026-03-16 14:12:30,540 - INFO - Cache set: posts_list_user_2_page_1
2026-03-16 14:12:34,845 - INFO - [UserFeedView] Clearing ALL feed page caches for every user.
2026-03-16 14:12:37,468 - INFO - Cache hit: Returning cached posts for user 2 page 1.
2026-03-16 14:12:40,143 - INFO - Cache hit: Returning cached posts for user 2 page 1.
2026-03-16 14:12:41,359 - INFO - Cache hit: Returning cached posts for user 2 page 1.
2026-03-16 14:12:42,398 - INFO - Cache hit: Returning cached posts for user 2 page 1.
2026-03-16 14:12:43,200 - INFO - Cache hit: Returning cached posts for user 2 page 1.
2026-03-16 14:12:43,985 - INFO - Cache hit: Returning cached posts for user 2 page 1.
2026-03-16 14:12:44,582 - INFO - Cache hit: Returning cached posts for user 2 page 1.
2026-03-16 14:12:45,241 - INFO - Cache hit: Returning cached posts for user 2 page 1.
2026-03-16 14:12:45,577 - INFO - Cache hit: Returning cached posts for user 2 page 1.
2026-03-16 14:12:45,736 - INFO - Cache hit: Returning cached posts for user 2 page 1.
2026-03-16 14:12:45,903 - INFO - Cache hit: Returning cached posts for user 2 page 1.
2026-03-16 14:12:46,071 - INFO - Cache hit: Returning cached posts for user 2 page 1.
2026-03-16 14:12:46,376 - INFO - Cache hit: Returning cached posts for user 2 page 1.
2026-03-16 14:12:46,536 - INFO - Cache hit: Returning cached posts for user 2 page 1.
2026-03-16 14:12:46,692 - INFO - Cache hit: Returning cached posts for user 2 page 1.
2026-03-16 14:12:46,840 - INFO - Cache hit: Returning cached posts for user 2 page 1.
2026-03-16 14:12:46,983 - INFO - Cache hit: Returning cached posts for user 2 page 1.
2026-03-16 14:12:47,138 - INFO - Cache hit: Returning cached posts for user 2 page 1.
2026-03-16 14:12:47,294 - INFO - Cache hit: Returning cached posts for user 2 page 1.
2026-03-16 14:12:47,443 - INFO - Cache hit: Returning cached posts for user 2 page 1.
2026-03-16 14:12:47,627 - INFO - Cache hit: Returning cached posts for user 2 page 1.
2026-03-16 14:12:47,796 - INFO - Cache hit: Returning cached posts for user 2 page 1.
2026-03-16 14:12:47,950 - INFO - Cache hit: Returning cached posts for user 2 page 1.
2026-03-16 14:12:48,122 - INFO - Cache hit: Returning cached posts for user 2 page 1.
2026-03-16 14:12:48,304 - INFO - Cache hit: Returning cached posts for user 2 page 1.
2026-03-16 14:12:48,461 - INFO - Cache hit: Returning cached posts for user 2 page 1.
2026-03-16 14:12:48,623 - INFO - Cache hit: Returning cached posts for user 2 page 1.
2026-03-16 14:12:48,796 - INFO - Cache hit: Returning cached posts for user 2 page 1.
2026-03-16 14:12:48,974 - INFO - Cache hit: Returning cached posts for user 2 page 1.
2026-03-16 14:12:49,147 - INFO - Cache hit: Returning cached posts for user 2 page 1.
2026-03-16 14:12:49,482 - INFO - Cache hit: Returning cached posts for user 2 page 1.
2026-03-16 14:12:49,628 - INFO - Cache hit: Returning cached posts for user 2 page 1.
2026-03-16 14:12:49,804 - INFO - Cache hit: Returning cached posts for user 2 page 1.
2026-03-16 14:12:49,969 - INFO - Cache hit: Returning cached posts for user 2 page 1.
2026-03-16 14:12:50,311 - INFO - Cache hit: Returning cached posts for user 2 page 1.
2026-03-16 14:12:50,481 - INFO - Cache hit: Returning cached posts for user 2 page 1.
2026-03-16 14:12:50,647 - INFO - Cache hit: Returning cached posts for user 2 page 1.
2026-03-16 14:12:50,813 - INFO - Cache hit: Returning cached posts for user 2 page 1.
2026-03-16 14:12:50,978 - INFO - Cache hit: Returning cached posts for user 2 page 1.
2026-03-16 14:12:51,315 - INFO - Cache hit: Returning cached posts for user 2 page 1.
2026-03-16 14:12:51,496 - INFO - Cache hit: Returning cached posts for user 2 page 1.
2026-03-16 14:12:51,686 - INFO - Cache hit: Returning cached posts for user 2 page 1.
2026-03-16 14:12:51,864 - INFO - Cache hit: Returning cached posts for user 2 page 1.
2026-03-16 14:12:52,081 - INFO - Cache hit: Returning cached posts for user 2 page 1.
2026-03-16 14:12:52,270 - INFO - Cache hit: Returning cached posts for user 2 page 1.
2026-03-16 14:12:52,471 - INFO - Cache hit: Returning cached posts for user 2 page 1.
2026-03-16 14:12:52,632 - INFO - Cache hit: Returning cached posts for user 2 page 1.
2026-03-16 14:12:52,825 - INFO - Cache hit: Returning cached posts for user 2 page 1.
2026-03-16 14:12:53,013 - INFO - Cache hit: Returning cached posts for user 2 page 1.
2026-03-16 14:12:53,179 - INFO - Cache hit: Returning cached posts for user 2 page 1.
2026-03-16 14:12:53,347 - INFO - Cache hit: Returning cached posts for user 2 page 1.
2026-03-16 14:12:53,510 - INFO - Cache hit: Returning cached posts for user 2 page 1.
2026-03-16 14:12:53,695 - INFO - Cache hit: Returning cached posts for user 2 page 1.
2026-03-16 14:12:53,863 - INFO - Cache hit: Returning cached posts for user 2 page 1.
2026-03-16 14:12:54,045 - INFO - Cache hit: Returning cached posts for user 2 page 1.
2026-03-16 14:12:54,213 - INFO - Cache hit: Returning cached posts for user 2 page 1.
2026-03-16 14:12:54,376 - INFO - Cache hit: Returning cached posts for user 2 page 1.
2026-03-16 14:12:54,532 - INFO - Cache hit: Returning cached posts for user 2 page 1.
2026-03-16 14:12:54,684 - INFO - Cache hit: Returning cached posts for user 2 page 1.
2026-03-16 14:12:54,861 - INFO - Cache hit: Returning cached posts for user 2 page 1.
2026-03-16 14:12:55,197 - INFO - Cache hit: Returning cached posts for user 2 page 1.
2026-03-16 14:12:55,359 - INFO - Cache hit: Returning cached posts for user 2 page 1.
2026-03-16 14:12:55,694 - INFO - Cache hit: Returning cached posts for user 2 page 1.
2026-03-16 14:12:55,874 - INFO - Cache hit: Returning cached posts for user 2 page 1.
2026-03-16 14:12:56,049 - INFO - Cache hit: Returning cached posts for user 2 page 1.
2026-03-16 14:12:56,216 - INFO - Cache hit: Returning cached posts for user 2 page 1.
2026-03-16 14:12:56,410 - INFO - Cache hit: Returning cached posts for user 2 page 1.
2026-03-16 14:12:56,607 - INFO - Cache hit: Returning cached posts for user 2 page 1.
2026-03-16 14:12:56,786 - INFO - Cache hit: Returning cached posts for user 2 page 1.
2026-03-16 14:12:56,975 - INFO - Cache hit: Returning cached posts for user 2 page 1.
2026-03-16 14:12:57,174 - INFO - Cache hit: Returning cached posts for user 2 page 1.
2026-03-16 14:12:57,344 - INFO - Cache hit: Returning cached posts for user 2 page 1.
2026-03-16 14:12:57,536 - INFO - Cache hit: Returning cached posts for user 2 page 1.
2026-03-16 14:12:57,715 - INFO - Cache hit: Returning cached posts for user 2 page 1.
2026-03-16 14:12:57,940 - INFO - Cache hit: Returning cached posts for user 2 page 1.
2026-03-16 14:12:58,135 - INFO - Cache hit: Returning cached posts for user 2 page 1.
2026-03-16 14:12:58,321 - INFO - Cache hit: Returning cached posts for user 2 page 1.
2026-03-16 14:12:58,504 - INFO - Cache hit: Returning cached posts for user 2 page 1.
2026-03-16 14:12:58,674 - INFO - Cache hit: Returning cached posts for user 2 page 1.
2026-03-16 14:12:58,830 - INFO - Cache hit: Returning cached posts for user 2 page 1.
2026-03-16 14:12:58,990 - INFO - Cache hit: Returning cached posts for user 2 page 1.
2026-03-16 14:12:59,138 - INFO - Cache hit: Returning cached posts for user 2 page 1.
2026-03-16 14:13:00,102 - INFO - Cache hit: Returning cached posts for user 2 page 1.
2026-03-16 14:13:01,154 - INFO - Cache miss: Fetching posts for user 2 page 1.
2026-03-16 14:13:01,164 - INFO - Cache set: posts_list_user_2_page_1
2026-03-16 14:13:01,475 - INFO - Cache hit: Returning cached posts for user 2 page 1.
2026-03-16 14:13:01,757 - INFO - Cache hit: Returning cached posts for user 2 page 1.
2026-03-16 14:13:01,977 - INFO - Cache hit: Returning cached posts for user 2 page 1.
2026-03-16 14:13:02,196 - INFO - Cache hit: Returning cached posts for user 2 page 1.
2026-03-16 14:13:02,563 - INFO - Cache hit: Returning cached posts for user 2 page 1.
2026-03-16 14:14:05,828 - INFO - [UserFeedView] Clearing ALL feed page caches for every user.
2026-03-16 14:14:11,701 - INFO - Cache miss: Fetching posts for user 2 page 1.
2026-03-16 14:14:11,716 - INFO - Cache set: posts_list_user_2_page_1
2026-03-16 14:14:32,833 - INFO - [UserFeedView] Clearing ALL feed page caches for every user.
2026-03-16 14:14:38,086 - INFO - Cache miss: Fetching posts for user 2 page 1.
2026-03-16 14:14:38,100 - INFO - Cache set: posts_list_user_2_page_1
2026-03-16 14:14:38,756 - INFO - Cache hit: Returning cached posts for user 2 page 1.
2026-03-16 14:14:39,245 - INFO - Cache miss: Fetching posts for user 2 page 1.
2026-03-16 14:14:39,256 - INFO - Cache set: posts_list_user_2_page_1
2026-03-16 14:14:41,958 - INFO - [UserFeedView] Clearing ALL feed page caches for every user.
2026-03-16 14:14:45,133 - INFO - Cache miss: Fetching posts for user 2 page 1.
2026-03-16 14:14:45,142 - INFO - Cache set: posts_list_user_2_page_1
2026-03-16 14:14:54,775 - INFO - Cache miss: Fetching posts for user 3 page 1.
2026-03-16 14:14:54,783 - INFO - Cache set: posts_list_user_3_page_1
2026-03-16 14:14:58,781 - INFO - [UserFeedView] Cache miss for user=3, page=1
2026-03-16 14:15:25,388 - INFO - [UserFeedView] Clearing ALL feed page caches for every user.
2026-03-16 14:15:29,495 - INFO - [UserFeedView] Cache miss for user=3, page=1
2026-03-16 14:15:30,497 - INFO - [UserFeedView] Cache hit for user=3, page=1
2026-03-16 14:15:31,939 - INFO - [UserFeedView] Cache miss for user=3, page=1
2026-03-16 14:15:41,110 - INFO - [UserFeedView] Clearing ALL feed page caches for every user.
2026-03-16 14:15:42,598 - INFO - [UserFeedView] Clearing ALL feed page caches for every user.
2026-03-16 14:15:45,145 - INFO - [UserFeedView] Cache miss for user=3, page=1
2026-03-16 14:15:45,787 - INFO - [UserFeedView] Cache hit for user=3, page=1
2026-03-16 14:15:46,180 - INFO - [UserFeedView] Cache miss for user=3, page=1
2026-03-16 14:15:46,507 - INFO - [UserFeedView] Cache hit for user=3, page=1
2026-03-16 14:15:48,628 - INFO - Cache miss: Fetching posts for user 3 page 1.
2026-03-16 14:15:48,634 - INFO - Cache set: posts_list_user_3_page_1
2026-03-16 14:15:49,136 - INFO - Cache hit: Returning cached posts for user 3 page 1.
2026-03-16 14:15:49,508 - INFO - Cache hit: Returning cached posts for user 3 page 1.
2026-03-16 14:15:53,415 - INFO - Cache miss: Fetching posts for user 2 page 1.
2026-03-16 14:15:53,426 - INFO - Cache set: posts_list_user_2_page_1
2026-03-16 14:15:55,070 - INFO - Cache miss: Fetching posts for user 2 page 1.
2026-03-16 14:15:55,081 - INFO - Cache set: posts_list_user_2_page_1
2026-03-16 14:15:55,957 - INFO - Cache hit: Returning cached posts for user 2 page 1.
2026-03-16 14:15:56,313 - INFO - Cache miss: Fetching posts for user 2 page 1.
2026-03-16 14:15:56,322 - INFO - Cache set: posts_list_user_2_page_1
2026-03-16 14:15:56,617 - INFO - Cache hit: Returning cached posts for user 2 page 1.
2026-03-16 14:15:57,030 - INFO - Cache hit: Returning cached posts for user 2 page 1.
2026-03-16 14:15:57,292 - INFO - Cache hit: Returning cached posts for user 2 page 1.
2026-03-16 14:16:26,608 - INFO - Clearing cached post list pages for all users...
2026-03-16 14:16:26,609 - INFO - [UserFeedView] Clearing ALL feed page caches for every user.
2026-03-16 14:16:26,610 - INFO - Cache invalidated: Post 2 deleted.
2026-03-16 14:16:30,878 - INFO - Clearing cached post list pages for all users...
2026-03-16 14:16:30,879 - INFO - [UserFeedView] Clearing ALL feed page caches for every user.
2026-03-16 14:16:30,880 - INFO - Cache invalidated: Post 3 deleted.
2026-03-16 14:17:03,590 - INFO - Cache miss: Fetching posts for user 2 page 1.
2026-03-16 14:17:03,593 - INFO - Cache set: posts_list_user_2_page_1
2026-03-16 14:17:08,690 - INFO - [UserFeedView] Cache miss for user=2, page=1
2026-03-16 14:20:26,329 - INFO - Cache miss: Fetching posts for user 2 page 1.
2026-03-16 14:20:26,333 - INFO - Cache set: posts_list_user_2_page_1
2026-03-16 14:20:31,561 - INFO - Cache miss: Fetching posts for user 2 page 1.
2026-03-16 14:20:31,565 - INFO - Cache set: posts_list_user_2_page_1
2026-03-16 14:20:44,808 - INFO - [UserFeedView] Cache miss for user=2, page=1
2026-03-16 14:20:46,615 - INFO - [UserFeedView] Cache miss for user=2, page=1
2026-03-16 14:27:15,850 - INFO - [UserFeedView] Cache miss for user=3, page=1
2026-03-16 14:27:17,360 - INFO - [UserFeedView] Cache miss for user=3, page=1
2026-03-16 14:27:17,918 - INFO - [UserFeedView] Cache hit for user=3, page=1
2026-03-16 14:27:18,075 - INFO - [UserFeedView] Cache hit for user=3, page=1
2026-03-16 14:27:18,231 - INFO - [UserFeedView] Cache hit for user=3, page=1
2026-03-16 14:28:52,362 - INFO - Cache miss: Fetching posts for user 2 page 1.
2026-03-16 14:28:52,367 - INFO - Cache set: posts_list_user_2_page_1
2026-03-16 14:28:53,736 - INFO - [UserFeedView] Cache miss for user=2, page=1
2026-03-16 15:01:32,596 - INFO - Cache miss: Fetching posts for user 2 page 1.
2026-03-16 15:01:32,600 - INFO - Cache set: posts_list_user_2_page_1
2026-03-16 15:01:55,825 - INFO - Cache miss: Fetching posts for user 2 page 1.
2026-03-16 15:01:55,828 - INFO - Cache set: posts_list_user_2_page_1
2026-03-16 15:01:57,641 - INFO - [UserFeedView] Cache miss for user=2, page=1
2026-03-16 15:01:58,413 - INFO - [UserFeedView] Cache hit for user=2, page=1
2026-03-16 15:01:58,755 - INFO - [UserFeedView] Cache miss for user=2, page=1
2026-03-16 15:01:59,555 - INFO - [UserFeedView] Cache hit for user=2, page=1
2026-03-16 15:02:01,169 - INFO - Cache miss: Fetching posts for user 2 page 1.
2026-03-16 15:02:01,172 - INFO - Cache set: posts_list_user_2_page_1
2026-03-16 15:16:32,504 - INFO - Cache miss: Fetching user 4 from database.
2026-03-16 15:16:32,506 - INFO - Cache set: Cached user 4.
2026-03-16 15:25:43,710 - INFO - Clearing cached post list pages for all users...
2026-03-16 15:25:43,712 - INFO - [UserFeedView] Clearing ALL feed page caches for every user.
2026-03-16 15:25:43,713 - INFO - Post created: 'My First Post' by testuser
2026-03-19 11:58:00,256 - INFO - Cache miss: Fetching users list from database.
2026-03-19 11:58:00,263 - INFO - Cache set: Cached paginated users list.
2026-03-19 11:59:19,375 - INFO - Cache miss: Fetching users list from database.
2026-03-19 11:59:21,523 - INFO - Cache miss: Fetching users list from database.
2026-03-19 11:59:21,525 - INFO - Cache set: Cached paginated users list.
2026-03-19 12:00:45,490 - INFO - Cache miss: Fetching users list from database.
2026-03-19 12:00:45,494 - INFO - Cache set: Cached paginated users list.
2026-03-19 12:07:34,474 - INFO - Cache miss: Fetching posts for user 5 page 1.
2026-03-19 12:07:34,493 - INFO - Cache set: posts_list_user_5_page_1
2026-03-19 12:16:49,723 - INFO - Clearing cached post list pages for all users...
2026-03-19 12:16:49,724 - INFO - [UserFeedView] Clearing ALL feed page caches for every user.
2026-03-19 12:16:49,724 - INFO - Post created: 'This is Laiza and this is my test post' by laizallanto
2026-03-19 12:17:22,145 - INFO - Clearing cached post list pages for all users...
2026-03-19 12:17:22,146 - INFO - [UserFeedView] Clearing ALL feed page caches for every user.
2026-03-19 12:17:22,146 - INFO - Post created: 'This is Laiza and this is my test post' by laizallanto
2026-03-19 12:39:10,533 - INFO - Cache miss: Fetching posts for user 5 page 1.
2026-03-19 12:39:10,547 - INFO - Cache set: posts_list_user_5_page_1
2026-03-19 12:39:59,842 - INFO - Cache miss: Fetching posts for user 5 page 2.
2026-03-19 12:39:59,847 - INFO - Cache set: posts_list_user_5_page_2
2026-03-19 12:42:53,967 - INFO - Clearing cached post list pages for all users...
2026-03-19 12:42:53,968 - INFO - [UserFeedView] Clearing ALL feed page caches for every user.
2026-03-19 12:42:53,968 - INFO - Cache invalidated: Post 5 deleted.
2026-03-19 12:43:23,213 - INFO - Cache miss: Fetching posts for user 5 page 1.
2026-03-19 12:43:23,218 - INFO - Cache set: posts_list_user_5_page_1
2026-03-19 12:51:12,599 - INFO - Clearing cached post list pages for all users...
2026-03-19 12:51:12,599 - INFO - [UserFeedView] Clearing ALL feed page caches for every user.
2026-03-19 12:51:12,600 - INFO - Cache invalidated: Post 6 deleted.
2026-03-19 13:00:09,719 - INFO - Clearing cached post list pages for all users...
2026-03-19 13:00:09,720 - INFO - [UserFeedView] Clearing ALL feed page caches for every user.
2026-03-19 13:00:09,720 - INFO - Post created: 'This is Laiza and this is my private post' by laizallanto
2026-03-19 13:00:31,742 - INFO - Clearing cached post list pages for all users...
2026-03-19 13:00:31,743 - INFO - [UserFeedView] Clearing ALL feed page caches for every user.
2026-03-19 13:00:31,743 - INFO - Cache invalidated: Post 7 deleted.
2026-03-19 13:00:45,329 - INFO - Clearing cached post list pages for all users...
2026-03-19 13:00:45,330 - INFO - [UserFeedView] Clearing ALL feed page caches for every user.
2026-03-19 13:00:45,330 - INFO - Post created: 'This is Laiza and this is my private post' by laizallanto
2026-03-19 13:01:20,599 - INFO - Clearing cached post list pages for all users...
2026-03-19 13:01:20,600 - INFO - [UserFeedView] Clearing ALL feed page caches for every user.
2026-03-19 13:01:20,600 - INFO - Cache invalidated: Post 8 deleted.
2026-03-19 13:01:59,525 - INFO - Clearing cached post list pages for all users...
2026-03-19 13:01:59,526 - INFO - [UserFeedView] Clearing ALL feed page caches for every user.
2026-03-19 13:01:59,526 - INFO - Post created: 'This is Laiza and this is my public post' by laizallanto
2026-03-19 13:03:44,519 - INFO - Clearing cached post list pages for all users...
2026-03-19 13:03:44,520 - INFO - [UserFeedView] Clearing ALL feed page caches for every user.
2026-03-19 13:03:44,520 - INFO - Cache invalidated: Post 9 deleted.
2026-03-19 13:12:08,433 - INFO - Clearing cached post list pages for all users...
2026-03-19 13:12:08,433 - INFO - [UserFeedView] Clearing ALL feed page caches for every user.
2026-03-19 13:12:08,434 - INFO - Post created: 'This is Adrian and this is my private post' by adriansanjuan
2026-03-19 13:13:04,006 - INFO - Clearing cached post list pages for all users...
2026-03-19 13:13:04,007 - INFO - [UserFeedView] Clearing ALL feed page caches for every user.
2026-03-19 13:13:04,007 - INFO - Post created: 'This is Paul and this is my public post' by paulaquita
2026-03-19 13:35:20,497 - INFO - Clearing cached post list pages for all users...
2026-03-19 13:35:20,502 - INFO - [UserFeedView] Clearing ALL feed page caches for every user.
2026-03-19 13:35:20,504 - INFO - Post created: 'This is Paul and this is my public post' by paulaquita
2026-03-19 13:58:21,587 - INFO - Cache miss: Fetching posts for user 5 page 1.
2026-03-19 13:58:21,598 - INFO - Cache set: posts_list_user_5_page_1
2026-03-19 14:01:47,903 - INFO - Cache deleted: post_12
2026-03-19 14:01:47,903 - INFO - Comment created on Post ID 12 by adriansanjuan
2026-03-19 14:01:47,903 - INFO - Cache invalidated: Related post caches cleared for Post ID 12.
2026-03-19 14:14:12,238 - INFO - Comment None deleted. Cache invalidated.
2026-03-19 14:14:12,238 - INFO - [Comment] Clearing cached post detail and list for post 12...
2026-03-19 14:14:12,238 - INFO - Cache deleted: post_12
2026-03-19 14:14:23,714 - INFO - Cache deleted: post_12
2026-03-19 14:14:23,714 - INFO - Comment created on Post ID 12 by adriansanjuan
2026-03-19 14:14:23,714 - INFO - Cache invalidated: Related post caches cleared for Post ID 12.
2026-03-19 14:20:23,395 - INFO - Cache miss: Fetching user 5 from database.
2026-03-19 14:20:23,398 - INFO - Cache set: Cached user 5.
2026-03-20 10:43:21,376 - INFO - Cache miss: Fetching user 5 from database.
2026-03-20 10:43:21,380 - INFO - Cache set: Cached user 5.
2026-03-20 10:53:42,134 - INFO - Cache miss: Fetching user 5 from database.
2026-03-20 10:53:48,021 - INFO - Cache miss: Fetching user 5 from database.
2026-03-20 10:58:59,024 - INFO - Cache miss: Fetching user 5 from database.
2026-03-20 10:58:59,027 - INFO - Cache set: Cached user 5.
2026-03-20 11:02:43,427 - INFO - Cache miss: Fetching comments from database.
2026-03-20 11:02:43,430 - INFO - Cache set: Comments list cached.
2026-03-20 11:03:02,785 - INFO - Comment None deleted. Cache invalidated.
2026-03-20 11:03:02,786 - INFO - [Comment] Clearing cached post detail and list for post 12...
2026-03-20 11:03:02,786 - INFO - Cache deleted: post_12
2026-03-20 11:06:43,647 - INFO - Cache deleted: post_12
2026-03-20 11:06:43,648 - INFO - Comment created on Post ID 12 by laizallanto
2026-03-20 11:06:43,648 - INFO - Cache invalidated: Related post caches cleared for Post ID 12.
2026-03-20 11:07:03,558 - INFO - Cache miss: Fetching comments from database.
2026-03-20 11:07:03,561 - INFO - Cache set: Comments list cached.
2026-03-20 11:07:04,818 - INFO - Cache miss: Fetching comments from database.
2026-03-20 11:07:04,819 - INFO - Cache set: Comments list cached.
2026-03-20 11:07:19,529 - INFO - Cache miss: Fetching comments from database.
2026-03-20 11:07:19,530 - INFO - Cache set: Comments list cached.
2026-03-20 11:07:24,645 - INFO - Cache miss: Fetching comments from database.
2026-03-20 11:07:24,646 - INFO - Cache set: Comments list cached.
2026-03-20 11:07:57,071 - INFO - Comment None deleted. Cache invalidated.
2026-03-20 11:07:57,071 - INFO - [Comment] Clearing cached post detail and list for post 12...
2026-03-20 11:07:57,071 - INFO - Cache deleted: post_12
2026-03-20 11:08:30,013 - INFO - Cache deleted: post_12
2026-03-20 11:08:30,013 - INFO - Comment created on Post ID 12 by adriansanjuan
2026-03-20 11:08:30,013 - INFO - Cache invalidated: Related post caches cleared for Post ID 12.
2026-03-20 11:09:14,838 - INFO - Comment None deleted. Cache invalidated.
2026-03-20 11:09:14,838 - INFO - [Comment] Clearing cached post detail and list for post 12...
2026-03-20 11:09:14,838 - INFO - Cache deleted: post_12
2026-03-20 11:12:04,883 - INFO - Cache deleted: post_12
2026-03-20 11:12:04,883 - INFO - Comment created on Post ID 12 by adriansanjuan
2026-03-20 11:12:04,883 - INFO - Cache invalidated: Related post caches cleared for Post ID 12.
2026-03-20 11:16:21,768 - INFO - Cache miss: Fetching posts for user 5 page 1.
2026-03-20 11:16:21,779 - INFO - Cache set: posts_list_user_5_page_1
2026-03-20 11:17:09,406 - INFO - Cache miss: Fetching posts for user 5 page 2.
2026-03-20 11:17:09,411 - INFO - Cache set: posts_list_user_5_page_2
2026-03-20 11:18:03,980 - INFO - Clearing cached post list pages for all users...
2026-03-20 11:18:03,981 - INFO - [UserFeedView] Clearing ALL feed page caches for every user.
2026-03-20 11:18:03,981 - INFO - Post created: 'This is Adrian and this is my public post' by adriansanjuan
2026-03-20 11:18:16,494 - INFO - Clearing cached post list pages for all users...
2026-03-20 11:18:16,494 - INFO - [UserFeedView] Clearing ALL feed page caches for every user.
2026-03-20 11:18:16,494 - INFO - Post created: 'This is Adrian and this is my private post' by adriansanjuan
2026-03-20 11:18:51,593 - INFO - Clearing cached post list pages for all users...
2026-03-20 11:18:51,594 - INFO - [UserFeedView] Clearing ALL feed page caches for every user.
2026-03-20 11:18:51,594 - INFO - Post created: 'This is Paul and this is my private post' by paulaquita
2026-03-20 11:18:58,651 - INFO - Clearing cached post list pages for all users...
2026-03-20 11:18:58,651 - INFO - [UserFeedView] Clearing ALL feed page caches for every user.
2026-03-20 11:18:58,651 - INFO - Post created: 'This is Paul and this is my public post' by paulaquita
2026-03-20 11:19:11,394 - INFO - Cache miss: Fetching posts for user 7 page 2.
2026-03-20 11:19:11,401 - INFO - Cache set: posts_list_user_7_page_2
2026-03-20 11:19:43,054 - INFO - Cache miss: Fetching posts for user 7 page 1.
2026-03-20 11:19:43,060 - INFO - Cache set: posts_list_user_7_page_1
2026-03-20 11:21:43,708 - INFO - Cache miss: Fetching posts for user 6 page 1.
2026-03-20 11:21:43,713 - INFO - Cache set: posts_list_user_6_page_1
2026-03-20 11:24:17,171 - INFO - Cache miss: Fetching posts for user 6 page 1.
2026-03-20 11:24:17,176 - INFO - Cache set: posts_list_user_6_page_1
2026-03-20 11:30:34,221 - INFO - Cache miss: Fetching posts for user 8 page 1.
2026-03-20 11:30:34,229 - INFO - Cache set: posts_list_user_8_page_1
2026-03-20 11:53:40,350 - INFO - Cache miss: Fetching posts for user 6 page 1.
2026-03-20 11:53:40,359 - INFO - Cache set: posts_list_user_6_page_1
2026-03-20 11:54:14,529 - INFO - Cache miss: Fetching posts for user 7 page 1.
2026-03-20 11:54:14,535 - INFO - Cache set: posts_list_user_7_page_1
2026-03-20 12:00:34,084 - INFO - Cache miss: Fetching posts for user 8 page 1.
2026-03-20 12:00:34,089 - INFO - Cache set: posts_list_user_8_page_1
2026-03-20 12:03:51,287 - INFO - Cache miss: Fetching posts for user 7 page 1.
2026-03-20 12:03:51,296 - INFO - Cache set: posts_list_user_7_page_1
2026-03-20 12:09:33,603 - INFO - Clearing cached post list pages for all users...
2026-03-20 12:09:33,603 - INFO - [UserFeedView] Clearing ALL feed page caches for every user.
2026-03-20 12:09:33,604 - INFO - Post created: 'This is Paul and this is my private post' by paulaquita
2026-03-20 12:10:16,780 - INFO - Cache miss: Fetching posts for user 7 page 1.
2026-03-20 12:10:16,786 - INFO - Cache set: posts_list_user_7_page_1
2026-03-20 12:13:35,961 - INFO - Cache miss: Fetching posts for user 8 page 1.
2026-03-20 12:13:35,968 - INFO - Cache set: posts_list_user_8_page_1
2026-03-20 12:20:28,783 - INFO - Cache miss: Fetching posts for user 7 page 1.
2026-03-20 12:20:28,792 - INFO - Cache set: posts_list_user_7_page_1
2026-03-20 12:20:37,267 - INFO - Cache miss: Fetching posts for user 7 page 2.
2026-03-20 12:20:37,275 - INFO - Cache set: posts_list_user_7_page_2
2026-03-20 12:24:28,054 - INFO - Clearing cached post list pages for all users...
2026-03-20 12:24:28,055 - INFO - [UserFeedView] Clearing ALL feed page caches for every user.
2026-03-20 12:24:28,055 - INFO - Cache invalidated: Post 15 updated.
2026-03-20 13:44:10,998 - INFO - Cache miss: Fetching posts for user 5 page 1.
2026-03-20 13:44:11,013 - INFO - Cache set: posts_list_user_5_page_1
2026-03-20 13:45:30,882 - INFO - Clearing cached post list pages for all users...
2026-03-20 13:45:30,883 - INFO - [UserFeedView] Clearing ALL feed page caches for every user.
2026-03-20 13:45:30,883 - INFO - Post created: 'This is Adrian and this is my private post' by adriansanjuan
2026-03-20 13:46:49,778 - INFO - Clearing cached post list pages for all users...
2026-03-20 13:46:49,779 - INFO - [UserFeedView] Clearing ALL feed page caches for every user.
2026-03-20 13:46:49,779 - INFO - Cache invalidated: Post 18 updated.
2026-03-20 13:48:15,943 - INFO - Clearing cached post list pages for all users...
2026-03-20 13:48:15,943 - INFO - [UserFeedView] Clearing ALL feed page caches for every user.
2026-03-20 13:48:15,944 - INFO - Cache invalidated: Post 18 deleted.
2026-03-20 13:50:00,874 - INFO - Clearing cached post list pages for all users...
2026-03-20 13:50:00,875 - INFO - [UserFeedView] Clearing ALL feed page caches for every user.
2026-03-20 13:50:00,876 - INFO - Post created: 'This is Adrian and this is my public post' by adriansanjuan
2026-03-20 13:51:27,633 - INFO - Clearing cached post list pages for all users...
2026-03-20 13:51:27,634 - INFO - [UserFeedView] Clearing ALL feed page caches for every user.
2026-03-20 13:51:27,634 - INFO - Cache invalidated: Post 19 deleted.
2026-03-20 19:48:41,211 - INFO - Cache miss: Fetching posts for user 5 page 1.
2026-03-20 19:48:41,220 - INFO - Cache set: posts_list_user_5_page_1
2026-03-20 19:49:24,847 - INFO - Cache miss: Fetching posts for user 5 page 1.
2026-03-20 19:49:24,852 - INFO - Cache set: posts_list_user_5_page_1
2026-03-20 19:49:47,325 - INFO - Cache miss: Fetching posts for user 5 page 2.
2026-03-20 19:49:47,335 - INFO - Cache set: posts_list_user_5_page_2
2026-03-20 19:50:18,295 - INFO - Cache miss: Fetching posts for user 5 page 2.
2026-03-20 19:50:18,301 - INFO - Cache set: posts_list_user_5_page_2
2026-03-20 19:50:30,130 - INFO - Cache miss: Fetching posts for user 5 page 1.
2026-03-20 19:50:30,135 - INFO - Cache set: posts_list_user_5_page_1
2026-03-20 19:52:01,432 - INFO - Cache miss: Fetching posts for user 5 page 2/.
2026-03-20 19:52:05,040 - INFO - Cache miss: Fetching posts for user 5 page 2.
2026-03-20 19:52:05,049 - INFO - Cache set: posts_list_user_5_page_2
2026-03-20 19:52:20,629 - INFO - Cache miss: Fetching posts for user 5 page 3.
2026-03-20 19:52:20,635 - INFO - Cache set: posts_list_user_5_page_3
2026-03-20 19:55:06,926 - INFO - Clearing cached post list pages for all users...
2026-03-20 19:55:06,927 - INFO - [UserFeedView] Clearing ALL feed page caches for every user.
2026-03-20 19:55:06,927 - INFO - Post created: 'This is Adrian and this is my public post' by adriansanjuan
2026-03-20 19:55:22,684 - INFO - Clearing cached post list pages for all users...
2026-03-20 19:55:22,685 - INFO - [UserFeedView] Clearing ALL feed page caches for every user.
2026-03-20 19:55:22,685 - INFO - Post created: 'This is Adrian and this is my private post' by adriansanjuan
2026-03-20 19:55:59,091 - INFO - Clearing cached post list pages for all users...
2026-03-20 19:55:59,092 - INFO - [UserFeedView] Clearing ALL feed page caches for every user.
2026-03-20 19:55:59,092 - INFO - Post created: 'This is Paul and this is my private post' by paulaquita
2026-03-20 19:56:07,654 - INFO - Clearing cached post list pages for all users...
2026-03-20 19:56:07,655 - INFO - [UserFeedView] Clearing ALL feed page caches for every user.
2026-03-20 19:56:07,655 - INFO - Post created: 'This is Paul and this is my public post' by paulaquita
2026-03-20 19:56:53,753 - INFO - Clearing cached post list pages for all users...
2026-03-20 19:56:53,753 - INFO - [UserFeedView] Clearing ALL feed page caches for every user.
2026-03-20 19:56:53,753 - INFO - Post created: 'This is Sabin and this is my public post' by sabincacho
2026-03-20 19:57:29,769 - INFO - Clearing cached post list pages for all users...
2026-03-20 19:57:29,771 - INFO - [UserFeedView] Clearing ALL feed page caches for every user.
2026-03-20 19:57:29,771 - INFO - Post created: 'This is Sabin and this is my private post' by sabincacho
2026-03-20 19:57:43,029 - INFO - Cache miss: Fetching posts for user 5 page 3.
2026-03-20 19:57:43,034 - INFO - Cache set: posts_list_user_5_page_3
2026-03-20 19:57:51,578 - INFO - Cache miss: Fetching posts for user 5 page 1.
2026-03-20 19:57:51,584 - INFO - Cache set: posts_list_user_5_page_1
2026-03-20 19:58:18,769 - INFO - Cache miss: Fetching posts for user 5 page 1.
2026-03-20 19:58:18,773 - INFO - Cache set: posts_list_user_5_page_1
2026-03-20 19:58:43,179 - INFO - Cache miss: Fetching posts for user 5 page 2.
2026-03-20 19:58:43,186 - INFO - Cache set: posts_list_user_5_page_2
2026-03-20 19:59:14,041 - INFO - Cache miss: Fetching posts for user 5 page 2.
2026-03-20 19:59:14,047 - INFO - Cache set: posts_list_user_5_page_2
2026-03-20 19:59:20,781 - INFO - Cache miss: Fetching posts for user 5 page 1.
2026-03-20 19:59:20,786 - INFO - Cache set: posts_list_user_5_page_1
2026-03-20 19:59:23,377 - INFO - Cache miss: Fetching posts for user 5 page 1.
2026-03-20 19:59:23,383 - INFO - Cache set: posts_list_user_5_page_1
2026-03-20 19:59:40,993 - INFO - Cache miss: Fetching posts for user 5 page 1.
2026-03-20 19:59:40,998 - INFO - Cache set: posts_list_user_5_page_1
2026-03-20 20:04:19,649 - INFO - Cache miss: Fetching posts for user 5 page 2.
2026-03-20 20:04:19,654 - INFO - Cache set: posts_list_user_5_page_2
2026-03-20 20:04:34,851 - INFO - Cache miss: Fetching posts for user 5 page 3.
2026-03-20 20:04:34,856 - INFO - Cache set: posts_list_user_5_page_3
2026-03-20 20:05:03,733 - INFO - Cache miss: Fetching posts for user 5 page 4.
2026-03-20 20:05:03,739 - INFO - Cache set: posts_list_user_5_page_4
2026-03-20 20:05:20,701 - INFO - Cache miss: Fetching posts for user 5 page 5.
2026-03-20 20:05:20,705 - INFO - Cache set: posts_list_user_5_page_5
2026-03-20 20:19:32,295 - INFO - Cache miss: Fetching posts for user 5 page 1.
2026-03-20 20:19:32,305 - INFO - Cache set: posts_list_user_5_page_1
2026-03-20 20:19:39,441 - INFO - Cache miss: Fetching posts for user 5 page 1.
2026-03-20 20:19:39,447 - INFO - Cache set: posts_list_user_5_page_1
2026-03-20 20:19:45,038 - INFO - Cache miss: Fetching posts for user 5 page 1.
2026-03-20 20:19:45,044 - INFO - Cache set: posts_list_user_5_page_1
2026-03-20 20:20:06,590 - INFO - Cache miss: Fetching posts for user 5 page 1.
2026-03-20 20:20:06,596 - INFO - Cache set: posts_list_user_5_page_1
2026-03-20 20:20:32,173 - INFO - Cache miss: Fetching posts for user 5 page 2.
2026-03-20 20:20:32,179 - INFO - Cache set: posts_list_user_5_page_2
2026-03-20 20:39:26,300 - INFO - [UserFeedView] Cache miss for user=5, page=1
2026-03-20 20:39:45,447 - INFO - Cache miss: Fetching posts for user 5 page 1.
2026-03-20 20:39:45,452 - INFO - Cache set: posts_list_user_5_page_1
2026-03-20 20:56:55,504 - INFO - Cache miss: Fetching posts for user 5 page 1.
2026-03-20 20:56:55,512 - INFO - Cache set: posts_list_user_5_page_1
2026-03-20 21:30:06,168 - INFO - Cache miss: Fetching posts for user 5 page 1.
2026-03-20 21:30:06,180 - INFO - Cache set: posts_list_user_5_page_1
2026-03-20 21:34:43,813 - INFO - Cache miss: Fetching posts for user 5 page 1.
2026-03-20 21:34:43,819 - INFO - Cache set: posts_list_user_5_page_1
2026-03-20 21:39:17,535 - INFO - Cache miss: Fetching posts for user 5 page 1.
2026-03-20 21:39:17,554 - INFO - Cache set: posts_list_user_5_page_1
2026-03-20 21:41:18,406 - INFO - Cache miss: Fetching posts for user 5 page 1.
2026-03-20 21:41:18,416 - INFO - Cache set: posts_list_user_5_page_1
2026-03-20 21:41:38,878 - INFO - Cache miss: Fetching posts for user 6 page 1.
2026-03-20 21:41:38,888 - INFO - Cache set: posts_list_user_6_page_1
2026-03-20 21:52:30,921 - INFO - Cache miss: Fetching posts for user 6 page 1.
2026-03-20 21:52:30,932 - INFO - Cache set: posts_list_user_6_page_1
2026-03-20 21:53:23,000 - INFO - Cache miss: Fetching posts for user 6 page 1.
2026-03-20 21:53:23,010 - INFO - Cache set: posts_list_user_6_page_1
2026-03-20 21:53:27,385 - INFO - Cache miss: Fetching posts for user 6 page 1.
2026-03-20 21:53:27,393 - INFO - Cache set: posts_list_user_6_page_1
2026-03-20 21:54:18,419 - INFO - Cache miss: Fetching posts for user 6 page 1.
2026-03-20 21:54:18,428 - INFO - Cache set: posts_list_user_6_page_1
2026-03-20 21:56:03,472 - INFO - Cache miss: Fetching posts for user 6 page 1.
2026-03-20 21:56:03,486 - INFO - Cache set: posts_list_user_6_page_1
2026-03-20 21:56:04,305 - INFO - Cache hit: Returning cached posts for user 6 page 1.
2026-03-20 21:56:05,160 - INFO - Cache miss: Fetching posts for user 6 page 1.
2026-03-20 21:56:05,171 - INFO - Cache set: posts_list_user_6_page_1
2026-03-20 21:56:05,980 - INFO - Cache hit: Returning cached posts for user 6 page 1.
2026-03-20 21:56:06,764 - INFO - Cache miss: Fetching posts for user 6 page 1.
2026-03-20 21:56:06,774 - INFO - Cache set: posts_list_user_6_page_1
2026-03-20 21:56:07,629 - INFO - Cache hit: Returning cached posts for user 6 page 1.
2026-03-20 22:07:15,744 - INFO - Cache miss: Fetching posts for user 6 page 1.
2026-03-20 22:07:15,754 - INFO - Cache set: posts_list_user_6_page_1
2026-03-20 22:07:21,320 - INFO - Cache miss: Fetching posts for user 6 page 1.
2026-03-20 22:07:21,329 - INFO - Cache set: posts_list_user_6_page_1
2026-03-20 22:07:22,484 - INFO - Cache miss: Fetching posts for user 6 page 1.
2026-03-20 22:07:22,493 - INFO - Cache set: posts_list_user_6_page_1
2026-03-20 22:08:16,067 - INFO - Cache miss: Fetching posts for user 6 page 1.
2026-03-20 22:08:16,073 - INFO - Cache set: posts_list_user_6_page_1
2026-03-20 22:08:40,456 - INFO - Cache miss: Fetching posts for user 6 page 1.
2026-03-20 22:08:40,463 - INFO - Cache set: posts_list_user_6_page_1
2026-03-20 22:08:41,918 - INFO - Cache miss: Fetching posts for user 6 page 1.
2026-03-20 22:08:41,928 - INFO - Cache set: posts_list_user_6_page_1
2026-03-20 22:09:14,018 - INFO - Cache miss: Fetching posts for user 6 page 1.
2026-03-20 22:09:14,024 - INFO - Cache set: posts_list_user_6_page_1
2026-03-20 22:09:27,374 - INFO - Cache miss: Fetching posts for user 6 page 1.
2026-03-20 22:09:27,381 - INFO - Cache set: posts_list_user_6_page_1
2026-03-20 22:09:28,609 - INFO - Cache miss: Fetching posts for user 6 page 1.
2026-03-20 22:09:28,614 - INFO - Cache set: posts_list_user_6_page_1
2026-03-20 22:09:30,144 - INFO - Cache miss: Fetching posts for user 6 page 1.
2026-03-20 22:09:30,155 - INFO - Cache set: posts_list_user_6_page_1
2026-03-20 22:10:27,835 - INFO - Cache miss: Fetching posts for user 6 page 1.
2026-03-20 22:10:27,842 - INFO - Cache set: posts_list_user_6_page_1
2026-03-20 22:11:08,915 - INFO - Cache miss: Fetching posts for user 6 page 1.
2026-03-20 22:11:08,921 - INFO - Cache set: posts_list_user_6_page_1
2026-03-20 23:08:44,192 - INFO - Cache miss: Fetching posts for user 6 page 1.
2026-03-20 23:08:44,200 - INFO - Cache set: posts_list_user_6_page_1
2026-03-20 23:08:55,224 - INFO - Cache miss: Fetching posts for user 6 page 1.
2026-03-20 23:08:55,230 - INFO - Cache set: posts_list_user_6_page_1
2026-03-20 23:09:46,361 - INFO - Cache miss: Fetching posts for user 5 page 1.
2026-03-20 23:09:46,370 - INFO - Cache set: posts_list_user_5_page_1
2026-03-20 23:11:16,758 - INFO - Cache miss: Fetching posts for user 5 page 1.
2026-03-20 23:11:16,767 - INFO - Cache set: posts_list_user_5_page_1
2026-03-20 23:12:23,967 - INFO - Cache miss: Fetching posts for user 5 page 1.
2026-03-20 23:12:23,978 - INFO - Cache set: posts_list_user_5_page_1
2026-03-20 23:12:27,917 - INFO - Cache miss: Fetching posts for user 5 page 1.
2026-03-20 23:12:27,928 - INFO - Cache set: posts_list_user_5_page_1
2026-03-20 23:12:28,890 - INFO - Cache hit: Returning cached posts for user 5 page 1.
2026-03-20 23:12:35,090 - INFO - Cache miss: Fetching posts for user 5 page 1.
2026-03-20 23:12:35,101 - INFO - Cache set: posts_list_user_5_page_1
2026-03-20 23:12:36,350 - INFO - Cache miss: Fetching posts for user 5 page 1.
2026-03-20 23:12:36,358 - INFO - Cache set: posts_list_user_5_page_1
2026-03-20 23:12:37,437 - INFO - Cache miss: Fetching posts for user 5 page 1.
2026-03-20 23:12:37,447 - INFO - Cache set: posts_list_user_5_page_1
2026-03-20 23:12:38,501 - INFO - Cache miss: Fetching posts for user 5 page 1.
2026-03-20 23:12:38,510 - INFO - Cache set: posts_list_user_5_page_1
2026-03-20 23:12:39,514 - INFO - Cache miss: Fetching posts for user 5 page 1.
2026-03-20 23:12:39,524 - INFO - Cache set: posts_list_user_5_page_1
2026-03-20 23:12:40,621 - INFO - Cache miss: Fetching posts for user 5 page 1.
2026-03-20 23:12:40,633 - INFO - Cache set: posts_list_user_5_page_1
2026-03-20 23:12:41,914 - INFO - Cache miss: Fetching posts for user 5 page 1.
2026-03-20 23:12:41,924 - INFO - Cache set: posts_list_user_5_page_1
2026-03-20 23:12:43,351 - INFO - Cache miss: Fetching posts for user 5 page 1.
2026-03-20 23:12:43,360 - INFO - Cache set: posts_list_user_5_page_1
2026-03-20 23:12:43,807 - INFO - Cache hit: Returning cached posts for user 5 page 1.
2026-03-20 23:15:44,161 - INFO - Cache miss: Fetching posts for user 5 page 1.
2026-03-20 23:15:44,168 - INFO - Cache set: posts_list_user_5_page_1
2026-03-20 23:16:03,256 - INFO - Cache miss: Fetching posts for user 5 page 1.
2026-03-20 23:16:03,264 - INFO - Cache set: posts_list_user_5_page_1
2026-03-20 23:16:05,221 - INFO - Cache miss: Fetching posts for user 5 page 1.
2026-03-20 23:16:05,230 - INFO - Cache set: posts_list_user_5_page_1
2026-03-20 23:16:22,164 - INFO - Cache miss: Fetching posts for user 5 page 1.
2026-03-20 23:16:22,175 - INFO - Cache set: posts_list_user_5_page_1
2026-03-20 23:16:23,305 - INFO - Cache miss: Fetching posts for user 5 page 1.
2026-03-20 23:16:23,313 - INFO - Cache set: posts_list_user_5_page_1
2026-03-20 23:16:24,221 - INFO - Cache hit: Returning cached posts for user 5 page 1.
2026-03-20 23:18:17,660 - INFO - Cache miss: Fetching posts for user 5 page 1.
2026-03-20 23:18:17,669 - INFO - Cache set: posts_list_user_5_page_1
2026-03-20 23:18:29,122 - INFO - Cache miss: Fetching posts for user 5 page 1.
2026-03-20 23:18:29,130 - INFO - Cache set: posts_list_user_5_page_1
2026-03-20 23:18:51,913 - INFO - Cache miss: Fetching posts for user 5 page 1.
2026-03-20 23:18:51,921 - INFO - Cache set: posts_list_user_5_page_1
2026-03-20 23:18:58,846 - INFO - Cache miss: Fetching posts for user 5 page 2.
2026-03-20 23:18:58,887 - INFO - Cache set: posts_list_user_5_page_2
2026-03-20 23:19:12,534 - INFO - Cache miss: Fetching posts for user 5 page 2.
2026-03-20 23:19:12,545 - INFO - Cache set: posts_list_user_5_page_2
2026-03-20 23:24:09,860 - INFO - Cache miss: Fetching posts for user 5 page 2.
2026-03-20 23:24:09,870 - INFO - Cache set: posts_list_user_5_page_2
2026-03-20 23:24:49,848 - INFO - Clearing cached post list pages for all users...
2026-03-20 23:24:49,849 - INFO - [UserFeedView] Clearing ALL feed page caches for every user.
2026-03-20 23:24:49,849 - INFO - Cache invalidated: Post 20 updated.
2026-03-20 23:25:00,575 - INFO - Cache miss: Fetching posts for user 6 page 2.
2026-03-20 23:25:00,585 - INFO - Cache set: posts_list_user_6_page_2
2026-03-20 23:26:05,939 - INFO - Cache miss: Fetching posts for user 6 page 2.
2026-03-20 23:26:05,952 - INFO - Cache set: posts_list_user_6_page_2
2026-03-20 23:26:08,516 - INFO - Cache miss: Fetching posts for user 6 page 2.
2026-03-20 23:26:08,525 - INFO - Cache set: posts_list_user_6_page_2
2026-03-20 23:26:09,571 - INFO - Cache miss: Fetching posts for user 6 page 2.
2026-03-20 23:26:09,583 - INFO - Cache set: posts_list_user_6_page_2
2026-03-20 23:26:10,622 - INFO - Cache miss: Fetching posts for user 6 page 2.
2026-03-20 23:26:10,633 - INFO - Cache set: posts_list_user_6_page_2
2026-03-20 23:26:11,673 - INFO - Cache miss: Fetching posts for user 6 page 2.
2026-03-20 23:26:11,684 - INFO - Cache set: posts_list_user_6_page_2
2026-03-20 23:26:13,978 - INFO - Cache miss: Fetching posts for user 6 page 2.
2026-03-20 23:26:13,984 - INFO - Cache set: posts_list_user_6_page_2
2026-03-20 23:26:15,156 - INFO - Cache miss: Fetching posts for user 6 page 2.
2026-03-20 23:26:15,168 - INFO - Cache set: posts_list_user_6_page_2
2026-03-20 23:26:33,415 - INFO - Cache miss: Fetching posts for user 6 page 1.
2026-03-20 23:26:33,420 - INFO - Cache set: posts_list_user_6_page_1
2026-03-20 23:26:34,723 - INFO - Cache miss: Fetching posts for user 6 page 1.
2026-03-20 23:26:34,730 - INFO - Cache set: posts_list_user_6_page_1
2026-03-20 23:26:35,993 - INFO - Cache miss: Fetching posts for user 6 page 1.
2026-03-20 23:26:36,000 - INFO - Cache set: posts_list_user_6_page_1
2026-03-20 23:26:40,332 - INFO - Cache miss: Fetching posts for user 6 page 1.
2026-03-20 23:26:40,340 - INFO - Cache set: posts_list_user_6_page_1
2026-03-20 23:26:41,209 - INFO - Cache hit: Returning cached posts for user 6 page 1.
2026-03-20 23:26:42,120 - INFO - Cache miss: Fetching posts for user 6 page 1.
2026-03-20 23:26:42,129 - INFO - Cache set: posts_list_user_6_page_1
2026-03-20 23:26:46,309 - INFO - Cache miss: Fetching posts for user 6 page 1.
2026-03-20 23:26:46,316 - INFO - Cache set: posts_list_user_6_page_1
2026-03-20 23:26:47,174 - INFO - Cache hit: Returning cached posts for user 6 page 1.
2026-03-20 23:26:47,976 - INFO - Cache miss: Fetching posts for user 6 page 1.
2026-03-20 23:26:47,982 - INFO - Cache set: posts_list_user_6_page_1
2026-03-20 23:26:49,940 - INFO - Cache miss: Fetching posts for user 6 page 1.
2026-03-20 23:26:49,947 - INFO - Cache set: posts_list_user_6_page_1
2026-03-20 23:26:50,962 - INFO - Cache miss: Fetching posts for user 6 page 1.
2026-03-20 23:26:50,969 - INFO - Cache set: posts_list_user_6_page_1
2026-03-20 23:26:51,858 - INFO - Cache hit: Returning cached posts for user 6 page 1.
